<?xml version="1.0" encoding="UTF-8"?>
<testsuites>
  <testsuite name="/home/ubuntu/dev/talent-tracker/phpunit.xml" tests="42" assertions="93" errors="0" failures="0" skipped="0" time="63.174159">
    <testsuite name="Feature" tests="41" assertions="92" errors="0" failures="0" skipped="0" time="61.898892">
      <testsuite name="Tests\Feature\CandidateAPITest" file="tests/Feature/CandidateAPITest.php" tests="21" assertions="50" errors="0" failures="0" skipped="0" time="21.207290">
        <testsuite name="Tests\Feature\CandidateAPITest::__pest_evaluable_Try_modify_one_candidate_with_wrong_information_" tests="7" assertions="14" errors="0" failures="0" skipped="0" time="5.176830">
          <testcase name="Try modify one candidate with wrong information with data set &quot;(['01234567890123456789012345678…456789', 'Kirk Treutel'])&quot;" file="tests/Feature/CandidateAPITest.php::Try modify one candidate with wrong information with data set &quot;(['01234567890123456789012345678…456789', 'Kirk Treutel'])&quot;" class="Tests\Feature\CandidateAPITest" classname="Tests.Feature.CandidateAPITest" assertions="2" time="1.556233"/>
          <testcase name="Try modify one candidate with wrong information with data set &quot;([1, 'Cayla Brakus'])&quot;" file="tests/Feature/CandidateAPITest.php::Try modify one candidate with wrong information with data set &quot;([1, 'Cayla Brakus'])&quot;" class="Tests\Feature\CandidateAPITest" classname="Tests.Feature.CandidateAPITest" assertions="2" time="0.392849"/>
          <testcase name="Try modify one candidate with wrong information with data set &quot;([])&quot;" file="tests/Feature/CandidateAPITest.php::Try modify one candidate with wrong information with data set &quot;([])&quot;" class="Tests\Feature\CandidateAPITest" classname="Tests.Feature.CandidateAPITest" assertions="2" time="0.485272"/>
          <testcase name="Try modify one candidate with wrong information with data set &quot;(['Gavin', 1])&quot;" file="tests/Feature/CandidateAPITest.php::Try modify one candidate with wrong information with data set &quot;(['Gavin', 1])&quot;" class="Tests\Feature\CandidateAPITest" classname="Tests.Feature.CandidateAPITest" assertions="2" time="0.564089"/>
          <testcase name="Try modify one candidate with wrong information with data set &quot;(['Esmeralda', []])&quot;" file="tests/Feature/CandidateAPITest.php::Try modify one candidate with wrong information with data set &quot;(['Esmeralda', []])&quot;" class="Tests\Feature\CandidateAPITest" classname="Tests.Feature.CandidateAPITest" assertions="2" time="0.639150"/>
          <testcase name="Try modify one candidate with wrong information with data set &quot;(['Winnifred', '01234567890123456789012345678…456789'])&quot;" file="tests/Feature/CandidateAPITest.php::Try modify one candidate with wrong information with data set &quot;(['Winnifred', '01234567890123456789012345678…456789'])&quot;" class="Tests\Feature\CandidateAPITest" classname="Tests.Feature.CandidateAPITest" assertions="2" time="0.716175"/>
          <testcase name="Try modify one candidate with wrong information with data set &quot;([[], 'Dr. Eloy Kunde DDS'])&quot;" file="tests/Feature/CandidateAPITest.php::Try modify one candidate with wrong information with data set &quot;([[], 'Dr. Eloy Kunde DDS'])&quot;" class="Tests\Feature\CandidateAPITest" classname="Tests.Feature.CandidateAPITest" assertions="2" time="0.823063"/>
        </testsuite>
        <testcase name="Try modify one candidate with negative id" file="tests/Feature/CandidateAPITest.php::Try modify one candidate with negative id" class="Tests\Feature\CandidateAPITest" classname="Tests.Feature.CandidateAPITest" assertions="3" time="0.892617"/>
        <testcase name="See all the candidates who have their mission who expired" file="tests/Feature/CandidateAPITest.php::See all the candidates who have their mission who expired" class="Tests\Feature\CandidateAPITest" classname="Tests.Feature.CandidateAPITest" assertions="3" time="1.067375"/>
        <testcase name="See all the candidates and their missions" file="tests/Feature/CandidateAPITest.php::See all the candidates and their missions" class="Tests\Feature\CandidateAPITest" classname="Tests.Feature.CandidateAPITest" assertions="4" time="0.872945"/>
        <testsuite name="Tests\Feature\CandidateAPITest::__pest_evaluable_Try_create_one_candidate_with_wrong_information_" tests="7" assertions="14" errors="0" failures="0" skipped="0" time="7.058011">
          <testcase name="Try create one candidate with wrong information with data set &quot;(['Oscar', []])&quot;" file="tests/Feature/CandidateAPITest.php::Try create one candidate with wrong information with data set &quot;(['Oscar', []])&quot;" class="Tests\Feature\CandidateAPITest" classname="Tests.Feature.CandidateAPITest" assertions="2" time="0.735920"/>
          <testcase name="Try create one candidate with wrong information with data set &quot;(['01234567890123456789012345678…456789', 'Miss Daniela Rath'])&quot;" file="tests/Feature/CandidateAPITest.php::Try create one candidate with wrong information with data set &quot;(['01234567890123456789012345678…456789', 'Miss Daniela Rath'])&quot;" class="Tests\Feature\CandidateAPITest" classname="Tests.Feature.CandidateAPITest" assertions="2" time="0.872201"/>
          <testcase name="Try create one candidate with wrong information with data set &quot;([[], 'Dortha Weimann'])&quot;" file="tests/Feature/CandidateAPITest.php::Try create one candidate with wrong information with data set &quot;([[], 'Dortha Weimann'])&quot;" class="Tests\Feature\CandidateAPITest" classname="Tests.Feature.CandidateAPITest" assertions="2" time="0.923198"/>
          <testcase name="Try create one candidate with wrong information with data set &quot;([1, 'Betsy Mitchell'])&quot;" file="tests/Feature/CandidateAPITest.php::Try create one candidate with wrong information with data set &quot;([1, 'Betsy Mitchell'])&quot;" class="Tests\Feature\CandidateAPITest" classname="Tests.Feature.CandidateAPITest" assertions="2" time="1.029139"/>
          <testcase name="Try create one candidate with wrong information with data set &quot;(['Micaela', '01234567890123456789012345678…456789'])&quot;" file="tests/Feature/CandidateAPITest.php::Try create one candidate with wrong information with data set &quot;(['Micaela', '01234567890123456789012345678…456789'])&quot;" class="Tests\Feature\CandidateAPITest" classname="Tests.Feature.CandidateAPITest" assertions="2" time="1.108173"/>
          <testcase name="Try create one candidate with wrong information with data set &quot;(['Kacey', 1])&quot;" file="tests/Feature/CandidateAPITest.php::Try create one candidate with wrong information with data set &quot;(['Kacey', 1])&quot;" class="Tests\Feature\CandidateAPITest" classname="Tests.Feature.CandidateAPITest" assertions="2" time="1.152188"/>
          <testcase name="Try create one candidate with wrong information with data set &quot;([])&quot;" file="tests/Feature/CandidateAPITest.php::Try create one candidate with wrong information with data set &quot;([])&quot;" class="Tests\Feature\CandidateAPITest" classname="Tests.Feature.CandidateAPITest" assertions="2" time="1.237193"/>
        </testsuite>
        <testcase name="Try delete a candidate with negative id" file="tests/Feature/CandidateAPITest.php::Try delete a candidate with negative id" class="Tests\Feature\CandidateAPITest" classname="Tests.Feature.CandidateAPITest" assertions="2" time="1.347649"/>
        <testcase name="Modify one candidate" file="tests/Feature/CandidateAPITest.php::Modify one candidate" class="Tests\Feature\CandidateAPITest" classname="Tests.Feature.CandidateAPITest" assertions="3" time="1.483247"/>
        <testcase name="Delete one candidate" file="tests/Feature/CandidateAPITest.php::Delete one candidate" class="Tests\Feature\CandidateAPITest" classname="Tests.Feature.CandidateAPITest" assertions="4" time="1.598351"/>
        <testcase name="Create one candidate" file="tests/Feature/CandidateAPITest.php::Create one candidate" class="Tests\Feature\CandidateAPITest" classname="Tests.Feature.CandidateAPITest" assertions="3" time="1.710266"/>
      </testsuite>
      <testsuite name="Tests\Feature\ModelTest" file="tests/Feature/ModelTest.php" tests="3" assertions="3" errors="0" failures="0" skipped="0" time="4.481160">
        <testsuite name="Tests\Feature\ModelTest::__pest_evaluable_Mission_" tests="2" assertions="2" errors="0" failures="0" skipped="0" time="3.199938">
          <testcase name="Mission with data set &quot;(['2024-02-10T08:57:05.000000Z', '2025-02-08T13:40:47.000000Z', 'rerum', …])&quot;" file="tests/Feature/ModelTest.php::Mission with data set &quot;(['2024-02-10T08:57:05.000000Z', '2025-02-08T13:40:47.000000Z', 'rerum', …])&quot;" class="Tests\Feature\ModelTest" classname="Tests.Feature.ModelTest" assertions="1" time="1.884218"/>
          <testcase name="Mission with data set &quot;(['2024-04-26T18:40:19.000000Z', '2024-08-05T03:18:01.000000Z', 'eligendi', …])&quot;" file="tests/Feature/ModelTest.php::Mission with data set &quot;(['2024-04-26T18:40:19.000000Z', '2024-08-05T03:18:01.000000Z', 'eligendi', …])&quot;" class="Tests\Feature\ModelTest" classname="Tests.Feature.ModelTest" assertions="1" time="1.315720"/>
        </testsuite>
        <testcase name="Candidate" file="tests/Feature/ModelTest.php::Candidate" class="Tests\Feature\ModelTest" classname="Tests.Feature.ModelTest" assertions="1" time="1.281222"/>
      </testsuite>
      <testsuite name="Tests\Feature\MissionAPITest" file="tests/Feature/MissionAPITest.php" tests="17" assertions="39" errors="0" failures="0" skipped="0" time="36.210443">
        <testsuite name="Tests\Feature\MissionAPITest::__pest_evaluable_Try_create_one_mission_with_wrong_information_" tests="12" assertions="24" errors="0" failures="0" skipped="0" time="22.759073">
          <testcase name="Try create one mission with wrong information with data set &quot;(['2024-03-07T06:38:17.000000Z', '2025-05-10T05:23:28.000000Z', 'sed', …])&quot;" file="tests/Feature/MissionAPITest.php::Try create one mission with wrong information with data set &quot;(['2024-03-07T06:38:17.000000Z', '2025-05-10T05:23:28.000000Z', 'sed', …])&quot;" class="Tests\Feature\MissionAPITest" classname="Tests.Feature.MissionAPITest" assertions="2" time="1.742668"/>
          <testcase name="Try create one mission with wrong information with data set &quot;(['2023-06-11T08:44:31.000000Z', '2025-03-01T22:24:57.000000Z', 'atque', …])&quot;" file="tests/Feature/MissionAPITest.php::Try create one mission with wrong information with data set &quot;(['2023-06-11T08:44:31.000000Z', '2025-03-01T22:24:57.000000Z', 'atque', …])&quot;" class="Tests\Feature\MissionAPITest" classname="Tests.Feature.MissionAPITest" assertions="2" time="1.545526"/>
          <testcase name="Try create one mission with wrong information with data set &quot;(['2023-10-04T11:15:40.000000Z', 'provident', 1])&quot;" file="tests/Feature/MissionAPITest.php::Try create one mission with wrong information with data set &quot;(['2023-10-04T11:15:40.000000Z', 'provident', 1])&quot;" class="Tests\Feature\MissionAPITest" classname="Tests.Feature.MissionAPITest" assertions="2" time="1.686796"/>
          <testcase name="Try create one mission with wrong information with data set &quot;(['2023-06-30T19:27:49.000000Z', '2024-12-25T11:40:48.000000Z', 'velit', …])&quot;" file="tests/Feature/MissionAPITest.php::Try create one mission with wrong information with data set &quot;(['2023-06-30T19:27:49.000000Z', '2024-12-25T11:40:48.000000Z', 'velit', …])&quot;" class="Tests\Feature\MissionAPITest" classname="Tests.Feature.MissionAPITest" assertions="2" time="1.718134"/>
          <testcase name="Try create one mission with wrong information with data set &quot;(['2023-12-15T17:24:12.000000Z', '2024-08-03T14:21:26.000000Z', 1, …])&quot;" file="tests/Feature/MissionAPITest.php::Try create one mission with wrong information with data set &quot;(['2023-12-15T17:24:12.000000Z', '2024-08-03T14:21:26.000000Z', 1, …])&quot;" class="Tests\Feature\MissionAPITest" classname="Tests.Feature.MissionAPITest" assertions="2" time="1.724086"/>
          <testcase name="Try create one mission with wrong information with data set &quot;(['2023-10-31T06:36:52.000000Z', '2025-01-25T21:31:02.000000Z', 1])&quot;" file="tests/Feature/MissionAPITest.php::Try create one mission with wrong information with data set &quot;(['2023-10-31T06:36:52.000000Z', '2025-01-25T21:31:02.000000Z', 1])&quot;" class="Tests\Feature\MissionAPITest" classname="Tests.Feature.MissionAPITest" assertions="2" time="1.850458"/>
          <testcase name="Try create one mission with wrong information with data set &quot;(['2024-06-26T14:17:36.000000Z', '2025-02-08T08:53:29.000000Z', 'ut', …])&quot;" file="tests/Feature/MissionAPITest.php::Try create one mission with wrong information with data set &quot;(['2024-06-26T14:17:36.000000Z', '2025-02-08T08:53:29.000000Z', 'ut', …])&quot;" class="Tests\Feature\MissionAPITest" classname="Tests.Feature.MissionAPITest" assertions="2" time="1.927169"/>
          <testcase name="Try create one mission with wrong information with data set &quot;([1, '2025-04-22T03:39:07.000000Z', 'natus', …])&quot;" file="tests/Feature/MissionAPITest.php::Try create one mission with wrong information with data set &quot;([1, '2025-04-22T03:39:07.000000Z', 'natus', …])&quot;" class="Tests\Feature\MissionAPITest" classname="Tests.Feature.MissionAPITest" assertions="2" time="1.928380"/>
          <testcase name="Try create one mission with wrong information with data set &quot;(['2025-02-15T20:29:41.000000Z', 'praesentium', 1])&quot;" file="tests/Feature/MissionAPITest.php::Try create one mission with wrong information with data set &quot;(['2025-02-15T20:29:41.000000Z', 'praesentium', 1])&quot;" class="Tests\Feature\MissionAPITest" classname="Tests.Feature.MissionAPITest" assertions="2" time="2.198760"/>
          <testcase name="Try create one mission with wrong information with data set &quot;(['2023-08-21T21:45:33.000000Z', '2024-04-19T17:03:03.000000Z', 'neque', …])&quot;" file="tests/Feature/MissionAPITest.php::Try create one mission with wrong information with data set &quot;(['2023-08-21T21:45:33.000000Z', '2024-04-19T17:03:03.000000Z', 'neque', …])&quot;" class="Tests\Feature\MissionAPITest" classname="Tests.Feature.MissionAPITest" assertions="2" time="2.067737"/>
          <testcase name="Try create one mission with wrong information with data set &quot;(['2023-07-03T15:58:15.000000Z', '2024-12-03T20:31:01.000000Z', 'ut'])&quot;" file="tests/Feature/MissionAPITest.php::Try create one mission with wrong information with data set &quot;(['2023-07-03T15:58:15.000000Z', '2024-12-03T20:31:01.000000Z', 'ut'])&quot;" class="Tests\Feature\MissionAPITest" classname="Tests.Feature.MissionAPITest" assertions="2" time="2.130874"/>
          <testcase name="Try create one mission with wrong information with data set &quot;(['2024-05-23T19:38:41.000000Z', 1, 'quo', …])&quot;" file="tests/Feature/MissionAPITest.php::Try create one mission with wrong information with data set &quot;(['2024-05-23T19:38:41.000000Z', 1, 'quo', …])&quot;" class="Tests\Feature\MissionAPITest" classname="Tests.Feature.MissionAPITest" assertions="2" time="2.238485"/>
        </testsuite>
        <testsuite name="Tests\Feature\MissionAPITest::__pest_evaluable_Create_one_mission_" tests="2" assertions="6" errors="0" failures="0" skipped="0" time="4.733701">
          <testcase name="Create one mission with data set &quot;(['2024-02-16T02:09:35.000000Z', '2025-05-07T02:35:59.000000Z', 'nobis', …])&quot;" file="tests/Feature/MissionAPITest.php::Create one mission with data set &quot;(['2024-02-16T02:09:35.000000Z', '2025-05-07T02:35:59.000000Z', 'nobis', …])&quot;" class="Tests\Feature\MissionAPITest" classname="Tests.Feature.MissionAPITest" assertions="3" time="2.403310"/>
          <testcase name="Create one mission with data set &quot;(['2023-07-24T18:56:27.000000Z', '2024-12-24T16:23:19.000000Z', 'voluptates', …])&quot;" file="tests/Feature/MissionAPITest.php::Create one mission with data set &quot;(['2023-07-24T18:56:27.000000Z', '2024-12-24T16:23:19.000000Z', 'voluptates', …])&quot;" class="Tests\Feature\MissionAPITest" classname="Tests.Feature.MissionAPITest" assertions="3" time="2.330391"/>
        </testsuite>
        <testcase name="Delete one mission" file="tests/Feature/MissionAPITest.php::Delete one mission" class="Tests\Feature\MissionAPITest" classname="Tests.Feature.MissionAPITest" assertions="3" time="2.860058"/>
        <testcase name="Try delete a candidate with negative id" file="tests/Feature/MissionAPITest.php::Try delete a candidate with negative id" class="Tests\Feature\MissionAPITest" classname="Tests.Feature.MissionAPITest" assertions="2" time="2.523396"/>
        <testcase name="Modify one mission" file="tests/Feature/MissionAPITest.php::Modify one mission" class="Tests\Feature\MissionAPITest" classname="Tests.Feature.MissionAPITest" assertions="4" time="3.334215"/>
      </testsuite>
    </testsuite>
    <testsuite name="Unit" tests="1" assertions="1" errors="0" failures="0" skipped="0" time="1.275267">
      <testsuite name="Tests\Unit\ExampleTest" file="tests/Unit/ExampleTest.php" tests="1" assertions="1" errors="0" failures="0" skipped="0" time="1.275267">
        <testcase name="that true is true" file="tests/Unit/ExampleTest.php::that true is true" class="Tests\Unit\ExampleTest" classname="Tests.Unit.ExampleTest" assertions="1" time="1.275267"/>
      </testsuite>
    </testsuite>
  </testsuite>
</testsuites>
